// Jest Snapshot v1, https://goo.gl/fbAQLP

exports[`renders Game page with Apollo server connection without error 1`] = `
<p>
  Loading
</p>
`;
